# Cadence			Stream
# Name		Purpose		Layer No.	Data Type
  NW		drawing		1		0
  NW		net		1		0
  PWLVS		drawing		2		0
  PWLVS		net		2		0
  ND		drawing		3		0
  ND		net		3		0
  PD		drawing		4		0
  PD		net		4		0
  PO		drawing		5		0
  PO		net		5		0
  PO		pin		5		0
  CT		drawing		6		0
  CT		net		6		0
# -		drawing		7		0
  GC		drawing		8		0
  NWR		drawing		9		0
  DNW		drawing		10		0
  M1		drawing		11		0
  M1		net		11		0
  M1		pin		11		0
  M2		drawing		12		0
  M2		net		12		0
  M2		pin		12		0
  M3		drawing		13		0
  M3		net		13		0
  M3		pin		13		0
  M4		drawing		14		0
  M4		net		14		0
  M4		pin		14		0
  M5		drawing		15		0
  M5		net		15		0
  M5		pin		15		0
# -		drawing		16		0
# -		drawing		17		0
# -		drawing		18		0
# -		drawing		19		0
  PM		drawing		20		0
  PM		net		20		0
  PM		pin		20		0
  V1		drawing		21		0
  V1		net		21		0
  V2		drawing		22		0
  V2		net		22		0
  V3		drawing		23		0
  V3		net		23		0
  V4		drawing		24		0
  V4		net		24		0
# -		drawing		25		0
# -		drawing		26		0
# -		drawing		27		0
# -		drawing		28		0
# -		drawing		29		0
  PV		drawing		30		0
  PV		net		30		0
  SB		drawing		31		0
  PCHTACC	drawing		32		0
  NCHTACC	drawing		33		0
# -		drawing		34		0
  NPPO		drawing		35		0
  NIESD		drawing		36		0
  PIACC		drawing		37		0
  NIACC		drawing		38		0
  PEXTACC	drawing		39		0
  NEXTACC	drawing		40		0
  PLDDACC	drawing		41		0
  NLDDACC	drawing		42		0
# -		drawing		43		0
# -		drawing		44		0
  HVACC		drawing		45		0
  NPREACC	drawing		46		0
  PPREACC	drawing		47		0
  HVNWACC	drawing		48		0
  HVPWACC	drawing		49		0
# -		drawing		50		0
# -		drawing		51		0
  PCACC		drawing		52		0
  NCACC		drawing		53		0
  PSACC		drawing		54		0
  NSMACC	drawing		55		0
# -		drawing		56		0
  FUSE		drawing		57		0
  PICOVER	drawing		58		0
  UBM		drawing		59		0
  UBMV		drawing		60		0
  COVER		drawing		61		0
# -		drawing		62		0
# -		drawing		63		0
# -		drawing		64		0
  V5M		drawing		65		0
  V5M		net		65		0
  M6M		drawing		66		0
  M6M		net		66		0
  M6M		pin		66		0
# -		drawing		67		0
  SIONCOVER	drawing		68		0
# -		drawing		69		0
# -		drawing		70		0
# -		drawing		71		0
# -		drawing		72		0
# -		drawing		73		0
# -		drawing		74		0
# -		drawing		75		0
# -		drawing		76		0
  CI		drawing		77		0
# -		drawing		78		0
# -		drawing		79		0
# -		drawing		80		0
# -		drawing		81		0
  SCTVER	drawing		82		0
  FCV		drawing		83		0
# -		drawing		84		0
# -		drawing		85		0
# -		drawing		86		0
# -		drawing		87		0
# -		drawing		88		0
# -		drawing		89		0
# -		drawing		90		0
# -		drawing		91		0
# -		drawing		92		0
# -		drawing		93		0
# -		drawing		94		0
# -		drawing		95		0
# -		drawing		96		0
# -		drawing		97		0
# -		drawing		98		0
# -		drawing		99		0
# -		drawing		100		0
  NWACC		drawing		101		0
  PWACC		drawing		102		0
  DIFACC	drawing		103		0
  PCHT		drawing		104		0
  NCHT		drawing		105		0
  CTACC		drawing		106		0
  HVNW		drawing		107		0
  HVNW		net		107		0
  HVPW		drawing		108		0
  HVPW		net		108		0
# -		drawing		109		0
# -		drawing		110		0
  M1OBS		drawing		111		0
  M2OBS		drawing		112		0
  M3OBS		drawing		113		0
  M4OBS		drawing		114		0
  M5OBS		drawing		115		0
  M6OBS		drawing		116		0
# -		drawing		117		0
# -		drawing		118		0
# -		drawing		119		0
# -		drawing		120		0
# -		drawing		121		0
  RFLVS		drawing		122		0
  SPOVER	drawing		123		0
  SPODLP	drawing		124		0
  CTVER		drawing		125		0
  M1VER		drawing		126		0
  M2VER		drawing		127		0
# -		drawing		128		0
# -		drawing		129		0
# -		drawing		130		0
  NNA		drawing		131		0
  NCU		drawing		132		0
  NCH		drawing		133		0
  NCM		drawing		134		0
# -		drawing		135		0
# -		drawing		136		0
# -		drawing		137		0
  PNPIOLVS	drawing		138		0
  PGPR		drawing		139		0
  EFUSEDRC	drawing		140		0
# -		drawing		141		0
  HV33		drawing		142		0
  HV25		drawing		143		0
  HV18		drawing		144		0
# -		drawing		145		0
# -		drawing		146		0
# -		drawing		147		0
  PIODRC	drawing		148		0
  NIODRC	drawing		149		0
# -		drawing		150		0
# -		drawing		151		0
# -		drawing		152		0
# -		drawing		153		0
# -		drawing		154		0
# -		drawing		155		0
# -		drawing		156		0
  NOHT		drawing		157		0
  DACHKPAT	drawing		158		0
  HT		drawing		159		0
# -		drawing		160		0
  NODIFOPC	drawing		161		0
  PPPO		drawing		162		0
  SPO		drawing		163		0
  SDIF		drawing		164		0
# -		drawing		165		0
  PCU		drawing		166		0
  PCH		drawing		167		0
  PCM		drawing		168		0
# -		drawing		169		0
# -		drawing		170		0
# -		drawing		171		0
  SDIFVER	drawing		172		0
  PODLP		drawing		173		0
# -		drawing		174		0
# -		drawing		175		0
# -		drawing		176		0
# -		drawing		177		0
  NOM2OPC	drawing		178		0
# -		drawing		179		0
# -		drawing		180		0
# -		drawing		181		0
# -		drawing		182		0
# -		drawing		183		0
# -		drawing		184		0
# -		drawing		185		0
# -		drawing		186		0
# -		drawing		187		0
# -		drawing		188		0
# -		drawing		189		0
# -		drawing		190		0
  NOPOSGDRC	drawing		191		0
# -		drawing		192		0
# -		drawing		193		0
  RESLVS2	drawing		194		0
  CUPDRC	drawing		195		0
  PADDRC	drawing		196		0
  NOPGDRC2	drawing		197		0
  NOWELL	drawing		198		0
  OMLVS2	drawing		199		0
  NOPGDRC3	drawing		200		0
# -		drawing		201		0
# -		drawing		202		0
  NI		drawing		203		0
  PI		drawing		204		0
# -		drawing		205		0
# -		drawing		206		0
  PCDC		drawing		207		0
  NCDC		drawing		208		0
  FRAME		drawing		209		0
  SCRIBE	drawing		210		0
  NOM1D		drawing		211		0
  NOM2D		drawing		212		0
  NOM3D		drawing		213		0
  NOM4D		drawing		214		0
  NOM5D		drawing		215		0
  NOM6D		drawing		216		0
# -		drawing		217		0
# -		drawing		218		0
# -		drawing		219		0
  NOM1OPC	drawing		220		0
  DIFD		drawing		221		0
  NOIODRC	drawing		222		0
  NODIFD	drawing		223		0
  POD		drawing		224		0
  NOPOD		drawing		225		0
  NOMD		drawing		226		0
  POOPCPLUS	drawing		227		0
  POOPCMINUS	drawing		228		0
  NOPOOPC	drawing		229		0
  CAPLVS	drawing		230		0
  NOMOPC	drawing		231		0
  NPNLVS	drawing		232		0
  NOCTOPC	drawing		233		0
  NOVOPC	drawing		234		0
# -		drawing		235		0
# -		drawing		236		0
  FR6B		drawing		237		0
  GFR6B		drawing		238		0
  FR7K		drawing		239		0
  GFR7K		drawing		240		0
  RESLVS	drawing		241		0
  PNPLVS	drawing		242		0
  NOPGDRC	drawing		243		0
  OMDRC		drawing		244		0
  SRAMLVS	drawing		245		0
  OMLVS		drawing		246		0
  DILVS		drawing		247		0
  DIODRC	drawing		248		0
  RIODRC	drawing		249		0
  SRAMCELL	drawing		250		0
  SRAMPR	drawing		251		0
  USRAM		drawing		252		0
  SRAMDRC	drawing		253		0
  PS		drawing		254		0
  NSM		drawing		255		0
